
Gurobi 12.0.3 (win64, gurobi_cl) logging started Fri Apr 17 09:57:23 2026

Set parameter WLSAccessID
Set parameter WLSSecret
Set parameter LicenseID to value 2620993
Set parameter LogFile to value "gurobi.log"
Using license file C:\Users\Rodrigo\gurobi.lic

Gurobi 12.0.3 (win64, gurobi_cl) logging started Fri Apr 17 10:14:26 2026

Set parameter WLSAccessID
Set parameter WLSSecret
Set parameter LicenseID to value 2620993
Set parameter LogFile to value "gurobi.log"
Using license file C:\Users\Rodrigo\gurobi.lic

Gurobi 12.0.3 (win64, gurobi_cl) logging started Fri Apr 17 10:35:44 2026

Set parameter WLSAccessID
Set parameter WLSSecret
Set parameter LicenseID to value 2620993
Set parameter LogFile to value "gurobi.log"
Using license file C:\Users\Rodrigo\gurobi.lic

Gurobi 12.0.3 (win64, gurobi_cl) logging started Fri Apr 17 10:39:36 2026

Set parameter WLSAccessID
Set parameter WLSSecret
Set parameter LicenseID to value 2620993
Set parameter LogFile to value "gurobi.log"
Using license file C:\Users\Rodrigo\gurobi.lic

Gurobi 12.0.3 (win64, gurobi_cl) logging started Fri Apr 17 10:41:41 2026

Set parameter WLSAccessID
Set parameter WLSSecret
Set parameter LicenseID to value 2620993
Set parameter LogFile to value "gurobi.log"
Using license file C:\Users\Rodrigo\gurobi.lic

Gurobi 12.0.3 (win64, gurobi_cl) logging started Fri Apr 17 11:17:12 2026

Set parameter WLSAccessID
Set parameter WLSSecret
Set parameter LicenseID to value 2620993
Set parameter LogFile to value "gurobi.log"
Using license file C:\Users\Rodrigo\gurobi.lic

Gurobi 12.0.3 (win64, gurobi_cl) logging started Fri Apr 17 12:07:17 2026

Set parameter WLSAccessID
Set parameter WLSSecret
Set parameter LicenseID to value 2620993
Set parameter LogFile to value "gurobi.log"
Using license file C:\Users\Rodrigo\gurobi.lic

Gurobi 12.0.3 (win64, gurobi_cl) logging started Fri Apr 17 12:10:15 2026

Set parameter WLSAccessID
Set parameter WLSSecret
Set parameter LicenseID to value 2620993
Set parameter LogFile to value "gurobi.log"
Using license file C:\Users\Rodrigo\gurobi.lic

Gurobi 12.0.3 (win64, gurobi_cl) logging started Fri Apr 17 12:13:47 2026

Set parameter WLSAccessID
Set parameter WLSSecret
Set parameter LicenseID to value 2620993
Set parameter LogFile to value "gurobi.log"
Using license file C:\Users\Rodrigo\gurobi.lic

Gurobi 12.0.3 (win64, gurobi_cl) logging started Fri Apr 17 12:25:06 2026

Set parameter WLSAccessID
Set parameter WLSSecret
Set parameter LicenseID to value 2620993
Set parameter LogFile to value "gurobi.log"
Using license file C:\Users\Rodrigo\gurobi.lic

Gurobi 12.0.3 (win64, gurobi_cl) logging started Fri Apr 17 12:27:16 2026

Set parameter WLSAccessID
Set parameter WLSSecret
Set parameter LicenseID to value 2620993
Set parameter LogFile to value "gurobi.log"
Using license file C:\Users\Rodrigo\gurobi.lic

Gurobi 12.0.3 (win64, gurobi_cl) logging started Fri Apr 17 12:28:28 2026

Set parameter WLSAccessID
Set parameter WLSSecret
Set parameter LicenseID to value 2620993
Set parameter LogFile to value "gurobi.log"
Using license file C:\Users\Rodrigo\gurobi.lic

Gurobi 12.0.3 (win64, gurobi_cl) logging started Fri Apr 17 12:31:49 2026

Set parameter WLSAccessID
Set parameter WLSSecret
Set parameter LicenseID to value 2620993
Set parameter LogFile to value "gurobi.log"
Using license file C:\Users\Rodrigo\gurobi.lic

Gurobi 12.0.3 (win64, gurobi_cl) logging started Fri Apr 17 12:35:03 2026

Set parameter WLSAccessID
Set parameter WLSSecret
Set parameter LicenseID to value 2620993
Set parameter LogFile to value "gurobi.log"
Using license file C:\Users\Rodrigo\gurobi.lic

Gurobi 12.0.3 (win64, gurobi_cl) logging started Fri Apr 17 12:39:48 2026

Set parameter WLSAccessID
Set parameter WLSSecret
Set parameter LicenseID to value 2620993
Set parameter LogFile to value "gurobi.log"
Using license file C:\Users\Rodrigo\gurobi.lic

Gurobi 12.0.3 (win64, gurobi_cl) logging started Fri Apr 17 12:44:09 2026

Set parameter WLSAccessID
Set parameter WLSSecret
Set parameter LicenseID to value 2620993
Set parameter LogFile to value "gurobi.log"
Using license file C:\Users\Rodrigo\gurobi.lic

Gurobi 12.0.3 (win64, gurobi_cl) logging started Fri Apr 17 12:46:45 2026

Set parameter WLSAccessID
Set parameter WLSSecret
Set parameter LicenseID to value 2620993
Set parameter LogFile to value "gurobi.log"
Using license file C:\Users\Rodrigo\gurobi.lic

Gurobi 12.0.3 (win64, gurobi_cl) logging started Fri Apr 17 12:49:17 2026

Set parameter WLSAccessID
Set parameter WLSSecret
Set parameter LicenseID to value 2620993
Set parameter LogFile to value "gurobi.log"
Using license file C:\Users\Rodrigo\gurobi.lic

Gurobi 12.0.3 (win64, gurobi_cl) logging started Fri Apr 17 12:53:13 2026

Set parameter WLSAccessID
Set parameter WLSSecret
Set parameter LicenseID to value 2620993
Set parameter LogFile to value "gurobi.log"
Using license file C:\Users\Rodrigo\gurobi.lic

Gurobi 12.0.3 (win64, gurobi_cl) logging started Fri Apr 17 12:56:13 2026

Set parameter WLSAccessID
Set parameter WLSSecret
Set parameter LicenseID to value 2620993
Set parameter LogFile to value "gurobi.log"
Using license file C:\Users\Rodrigo\gurobi.lic

Gurobi 12.0.3 (win64, gurobi_cl) logging started Fri Apr 17 13:02:25 2026

Set parameter WLSAccessID
Set parameter WLSSecret
Set parameter LicenseID to value 2620993
Set parameter LogFile to value "gurobi.log"
Using license file C:\Users\Rodrigo\gurobi.lic

Gurobi 12.0.3 (win64, gurobi_cl) logging started Fri Apr 17 13:03:53 2026

Set parameter WLSAccessID
Set parameter WLSSecret
Set parameter LicenseID to value 2620993
Set parameter LogFile to value "gurobi.log"
Using license file C:\Users\Rodrigo\gurobi.lic

Gurobi 12.0.3 (win64, gurobi_cl) logging started Fri Apr 17 13:04:31 2026

Set parameter WLSAccessID
Set parameter WLSSecret
Set parameter LicenseID to value 2620993
Set parameter LogFile to value "gurobi.log"
Using license file C:\Users\Rodrigo\gurobi.lic

Gurobi 12.0.3 (win64, gurobi_cl) logging started Fri Apr 17 13:05:16 2026

Set parameter WLSAccessID
Set parameter WLSSecret
Set parameter LicenseID to value 2620993
Set parameter LogFile to value "gurobi.log"
Using license file C:\Users\Rodrigo\gurobi.lic

Gurobi 12.0.3 (win64, gurobi_cl) logging started Fri Apr 17 13:15:22 2026

Set parameter WLSAccessID
Set parameter WLSSecret
Set parameter LicenseID to value 2620993
Set parameter LogFile to value "gurobi.log"
Using license file C:\Users\Rodrigo\gurobi.lic

Gurobi 12.0.3 (win64, gurobi_cl) logging started Fri Apr 17 13:21:00 2026

Set parameter WLSAccessID
Set parameter WLSSecret
Set parameter LicenseID to value 2620993
Set parameter LogFile to value "gurobi.log"
Using license file C:\Users\Rodrigo\gurobi.lic

Gurobi 12.0.3 (win64, gurobi_cl) logging started Fri Apr 17 13:21:47 2026

Set parameter WLSAccessID
Set parameter WLSSecret
Set parameter LicenseID to value 2620993
Set parameter LogFile to value "gurobi.log"
Using license file C:\Users\Rodrigo\gurobi.lic

Gurobi 12.0.3 (win64, gurobi_cl) logging started Fri Apr 17 13:26:47 2026

Set parameter WLSAccessID
Set parameter WLSSecret
Set parameter LicenseID to value 2620993
Set parameter LogFile to value "gurobi.log"
Using license file C:\Users\Rodrigo\gurobi.lic

Gurobi 12.0.3 (win64, gurobi_cl) logging started Fri Apr 17 13:32:55 2026

Set parameter WLSAccessID
Set parameter WLSSecret
Set parameter LicenseID to value 2620993
Set parameter LogFile to value "gurobi.log"
Using license file C:\Users\Rodrigo\gurobi.lic

Gurobi 12.0.3 (win64, gurobi_cl) logging started Fri Apr 17 15:47:13 2026

Set parameter WLSAccessID
Set parameter WLSSecret
Set parameter LicenseID to value 2620993
Set parameter LogFile to value "gurobi.log"
Using license file C:\Users\Rodrigo\gurobi.lic

Gurobi 12.0.3 (win64, gurobi_cl) logging started Fri Apr 17 15:52:48 2026

Set parameter WLSAccessID
Set parameter WLSSecret
Set parameter LicenseID to value 2620993
Set parameter LogFile to value "gurobi.log"
Using license file C:\Users\Rodrigo\gurobi.lic

Gurobi 12.0.3 (win64, gurobi_cl) logging started Fri Apr 17 15:59:14 2026

Set parameter WLSAccessID
Set parameter WLSSecret
Set parameter LicenseID to value 2620993
Set parameter LogFile to value "gurobi.log"
Using license file C:\Users\Rodrigo\gurobi.lic

Gurobi 12.0.3 (win64, gurobi_cl) logging started Mon Apr 27 10:24:53 2026

Set parameter WLSAccessID
Set parameter WLSSecret
Set parameter LicenseID to value 2620993
Set parameter LogFile to value "gurobi.log"
Using license file C:\Users\Rodrigo\gurobi.lic

Gurobi 12.0.3 (win64, gurobi_cl) logging started Mon Apr 27 10:27:03 2026

Set parameter WLSAccessID
Set parameter WLSSecret
Set parameter LicenseID to value 2620993
Set parameter LogFile to value "gurobi.log"
Using license file C:\Users\Rodrigo\gurobi.lic

Gurobi 12.0.3 (win64, gurobi_cl) logging started Mon Apr 27 10:33:24 2026

Set parameter WLSAccessID
Set parameter WLSSecret
Set parameter LicenseID to value 2620993
Set parameter LogFile to value "gurobi.log"
Using license file C:\Users\Rodrigo\gurobi.lic

Gurobi 12.0.3 (win64, gurobi_cl) logging started Mon Apr 27 10:49:31 2026

Set parameter WLSAccessID
Set parameter WLSSecret
Set parameter LicenseID to value 2620993
Set parameter LogFile to value "gurobi.log"
Using license file C:\Users\Rodrigo\gurobi.lic

Gurobi 12.0.3 (win64, gurobi_cl) logging started Mon Apr 27 10:57:00 2026

Set parameter WLSAccessID
Set parameter WLSSecret
Set parameter LicenseID to value 2620993
Set parameter LogFile to value "gurobi.log"
Using license file C:\Users\Rodrigo\gurobi.lic

Gurobi 12.0.3 (win64, gurobi_cl) logging started Mon Apr 27 11:02:17 2026

Set parameter WLSAccessID
Set parameter WLSSecret
Set parameter LicenseID to value 2620993
Set parameter LogFile to value "gurobi.log"
Using license file C:\Users\Rodrigo\gurobi.lic

Gurobi 12.0.3 (win64, gurobi_cl) logging started Mon Apr 27 12:57:55 2026

Set parameter WLSAccessID
Set parameter WLSSecret
Set parameter LicenseID to value 2620993
Set parameter LogFile to value "gurobi.log"
Using license file C:\Users\Rodrigo\gurobi.lic

Gurobi 12.0.3 (win64, gurobi_cl) logging started Mon Apr 27 13:03:42 2026

Set parameter WLSAccessID
Set parameter WLSSecret
Set parameter LicenseID to value 2620993
Set parameter LogFile to value "gurobi.log"
Using license file C:\Users\Rodrigo\gurobi.lic

Gurobi 12.0.3 (win64, gurobi_cl) logging started Mon Apr 27 13:21:29 2026

Set parameter WLSAccessID
Set parameter WLSSecret
Set parameter LicenseID to value 2620993
Set parameter LogFile to value "gurobi.log"
Using license file C:\Users\Rodrigo\gurobi.lic

Gurobi 12.0.3 (win64, gurobi_cl) logging started Mon Apr 27 15:36:09 2026

Set parameter WLSAccessID
Set parameter WLSSecret
Set parameter LicenseID to value 2620993
Set parameter LogFile to value "gurobi.log"
Using license file C:\Users\Rodrigo\gurobi.lic

Gurobi 12.0.3 (win64, gurobi_cl) logging started Mon Apr 27 17:30:08 2026

Set parameter WLSAccessID
Set parameter WLSSecret
Set parameter LicenseID to value 2620993
Set parameter LogFile to value "gurobi.log"
Using license file C:\Users\Rodrigo\gurobi.lic

Gurobi 12.0.3 (win64, gurobi_cl) logging started Mon Apr 27 17:31:15 2026

Set parameter WLSAccessID
Set parameter WLSSecret
Set parameter LicenseID to value 2620993
Set parameter LogFile to value "gurobi.log"
Using license file C:\Users\Rodrigo\gurobi.lic

Gurobi 12.0.3 (win64, gurobi_cl) logging started Mon Apr 27 17:39:29 2026

Set parameter WLSAccessID
Set parameter WLSSecret
Set parameter LicenseID to value 2620993
Set parameter LogFile to value "gurobi.log"
Using license file C:\Users\Rodrigo\gurobi.lic

Gurobi 12.0.3 (win64, gurobi_cl) logging started Mon Apr 27 17:39:45 2026

Set parameter WLSAccessID
Set parameter WLSSecret
Set parameter LicenseID to value 2620993
Set parameter LogFile to value "gurobi.log"
Using license file C:\Users\Rodrigo\gurobi.lic

Gurobi 12.0.3 (win64, gurobi_cl) logging started Mon Apr 27 17:39:56 2026

Set parameter WLSAccessID
Set parameter WLSSecret
Set parameter LicenseID to value 2620993
Set parameter LogFile to value "gurobi.log"
Using license file C:\Users\Rodrigo\gurobi.lic

Gurobi 12.0.3 (win64, gurobi_cl) logging started Mon Apr 27 17:41:23 2026

Set parameter WLSAccessID
Set parameter WLSSecret
Set parameter LicenseID to value 2620993
Set parameter LogFile to value "gurobi.log"
Using license file C:\Users\Rodrigo\gurobi.lic

Gurobi 12.0.3 (win64, gurobi_cl) logging started Mon Apr 27 17:43:36 2026

Set parameter WLSAccessID
Set parameter WLSSecret
Set parameter LicenseID to value 2620993
Set parameter LogFile to value "gurobi.log"
Using license file C:\Users\Rodrigo\gurobi.lic

Gurobi 12.0.3 (win64, gurobi_cl) logging started Wed Apr 29 09:21:24 2026

Set parameter WLSAccessID
Set parameter WLSSecret
Set parameter LicenseID to value 2620993
Set parameter LogFile to value "gurobi.log"
Using license file C:\Users\Rodrigo\gurobi.lic

Gurobi 12.0.3 (win64, gurobi_cl) logging started Wed Apr 29 09:27:26 2026

Set parameter WLSAccessID
Set parameter WLSSecret
Set parameter LicenseID to value 2620993
Set parameter LogFile to value "gurobi.log"
Using license file C:\Users\Rodrigo\gurobi.lic
